------------------------------------------------------------
Timing Analyzer Summary
------------------------------------------------------------

Type  : Slow 1100mV 85C Model Setup 'iClk'
Slack : -1.565
TNS   : -45.318

Type  : Slow 1100mV 85C Model Hold 'iClk'
Slack : 0.288
TNS   : 0.000

Type  : Slow 1100mV 85C Model Minimum Pulse Width 'iClk'
Slack : -0.394
TNS   : -23.139

Type  : Slow 1100mV 0C Model Setup 'iClk'
Slack : -1.572
TNS   : -44.039

Type  : Slow 1100mV 0C Model Hold 'iClk'
Slack : 0.266
TNS   : 0.000

Type  : Slow 1100mV 0C Model Minimum Pulse Width 'iClk'
Slack : -0.394
TNS   : -21.123

Type  : Fast 1100mV 85C Model Setup 'iClk'
Slack : -0.408
TNS   : -9.647

Type  : Fast 1100mV 85C Model Hold 'iClk'
Slack : 0.175
TNS   : 0.000

Type  : Fast 1100mV 85C Model Minimum Pulse Width 'iClk'
Slack : -0.388
TNS   : -15.015

Type  : Fast 1100mV 0C Model Setup 'iClk'
Slack : -0.318
TNS   : -6.779

Type  : Fast 1100mV 0C Model Hold 'iClk'
Slack : 0.156
TNS   : 0.000

Type  : Fast 1100mV 0C Model Minimum Pulse Width 'iClk'
Slack : -0.427
TNS   : -18.251

------------------------------------------------------------
