------------------------------------------------------------
Timing Analyzer Summary
------------------------------------------------------------

Type  : Slow 1100mV 85C Model Setup 'iClk'
Slack : 18.530
TNS   : 0.000

Type  : Slow 1100mV 85C Model Hold 'iClk'
Slack : 0.352
TNS   : 0.000

Type  : Slow 1100mV 85C Model Minimum Pulse Width 'iClk'
Slack : 9.238
TNS   : 0.000

Type  : Slow 1100mV 0C Model Setup 'iClk'
Slack : 18.513
TNS   : 0.000

Type  : Slow 1100mV 0C Model Hold 'iClk'
Slack : 0.327
TNS   : 0.000

Type  : Slow 1100mV 0C Model Minimum Pulse Width 'iClk'
Slack : 9.289
TNS   : 0.000

Type  : Fast 1100mV 85C Model Setup 'iClk'
Slack : 19.129
TNS   : 0.000

Type  : Fast 1100mV 85C Model Hold 'iClk'
Slack : 0.182
TNS   : 0.000

Type  : Fast 1100mV 85C Model Minimum Pulse Width 'iClk'
Slack : 9.106
TNS   : 0.000

Type  : Fast 1100mV 0C Model Setup 'iClk'
Slack : 19.179
TNS   : 0.000

Type  : Fast 1100mV 0C Model Hold 'iClk'
Slack : 0.174
TNS   : 0.000

Type  : Fast 1100mV 0C Model Minimum Pulse Width 'iClk'
Slack : 9.068
TNS   : 0.000

------------------------------------------------------------
