------------------------------------------------------------
Timing Analyzer Summary
------------------------------------------------------------

Type  : Slow 1100mV 85C Model Setup 'iClk'
Slack : 16.522
TNS   : 0.000

Type  : Slow 1100mV 85C Model Hold 'iClk'
Slack : 0.258
TNS   : 0.000

Type  : Slow 1100mV 85C Model Minimum Pulse Width 'iClk'
Slack : 9.218
TNS   : 0.000

Type  : Slow 1100mV 0C Model Setup 'iClk'
Slack : 16.559
TNS   : 0.000

Type  : Slow 1100mV 0C Model Hold 'iClk'
Slack : 0.239
TNS   : 0.000

Type  : Slow 1100mV 0C Model Minimum Pulse Width 'iClk'
Slack : 9.278
TNS   : 0.000

Type  : Fast 1100mV 85C Model Setup 'iClk'
Slack : 18.001
TNS   : 0.000

Type  : Fast 1100mV 85C Model Hold 'iClk'
Slack : 0.151
TNS   : 0.000

Type  : Fast 1100mV 85C Model Minimum Pulse Width 'iClk'
Slack : 9.100
TNS   : 0.000

Type  : Fast 1100mV 0C Model Setup 'iClk'
Slack : 18.157
TNS   : 0.000

Type  : Fast 1100mV 0C Model Hold 'iClk'
Slack : 0.137
TNS   : 0.000

Type  : Fast 1100mV 0C Model Minimum Pulse Width 'iClk'
Slack : 9.065
TNS   : 0.000

------------------------------------------------------------
